**************current model: ARFN****************** pooling method: first******************
*************************load pretrained model******************
the number of problematic samples: 0
the max length of sentence a: 45 entity b: 11 total length: 54
Evaluating:   0%|          | 0/65 [00:00<?, ?it/s]
Evaluating:   2%|1         | 1/65 [00:00<00:37,  1.69it/s]
Evaluating:   3%|3         | 2/65 [00:00<00:20,  3.15it/s]
Evaluating:   5%|4         | 3/65 [00:00<00:14,  4.35it/s]
Evaluating:   6%|6         | 4/65 [00:00<00:11,  5.29it/s]
Evaluating:   8%|7         | 5/65 [00:01<00:10,  6.00it/s]
Evaluating:   9%|9         | 6/65 [00:01<00:09,  6.54it/s]
Evaluating:  11%|#         | 7/65 [00:01<00:08,  6.94it/s]
Evaluating:  12%|#2        | 8/65 [00:01<00:07,  7.24it/s]
Evaluating:  14%|#3        | 9/65 [00:01<00:07,  7.43it/s]
Evaluating:  15%|#5        | 10/65 [00:01<00:07,  7.60it/s]
Evaluating:  17%|#6        | 11/65 [00:01<00:06,  7.72it/s]
Evaluating:  18%|#8        | 12/65 [00:01<00:06,  7.81it/s]
Evaluating:  20%|##        | 13/65 [00:02<00:06,  7.85it/s]
Evaluating:  22%|##1       | 14/65 [00:02<00:06,  7.90it/s]
Evaluating:  23%|##3       | 15/65 [00:02<00:06,  7.89it/s]
Evaluating:  25%|##4       | 16/65 [00:02<00:06,  7.92it/s]
Evaluating:  26%|##6       | 17/65 [00:02<00:06,  7.91it/s]
Evaluating:  28%|##7       | 18/65 [00:02<00:05,  7.95it/s]
Evaluating:  29%|##9       | 19/65 [00:02<00:05,  7.97it/s]
Evaluating:  31%|###       | 20/65 [00:02<00:05,  8.02it/s]
Evaluating:  32%|###2      | 21/65 [00:03<00:05,  8.01it/s]
Evaluating:  34%|###3      | 22/65 [00:03<00:05,  8.01it/s]
Evaluating:  35%|###5      | 23/65 [00:03<00:05,  7.98it/s]
Evaluating:  37%|###6      | 24/65 [00:03<00:05,  7.97it/s]
Evaluating:  38%|###8      | 25/65 [00:03<00:05,  7.92it/s]
Evaluating:  40%|####      | 26/65 [00:03<00:04,  7.92it/s]
Evaluating:  42%|####1     | 27/65 [00:03<00:04,  7.91it/s]
Evaluating:  43%|####3     | 28/65 [00:03<00:04,  7.94it/s]
Evaluating:  45%|####4     | 29/65 [00:04<00:04,  7.97it/s]
Evaluating:  46%|####6     | 30/65 [00:04<00:04,  7.94it/s]
Evaluating:  48%|####7     | 31/65 [00:04<00:04,  7.97it/s]
Evaluating:  49%|####9     | 32/65 [00:04<00:04,  7.98it/s]
Evaluating:  51%|#####     | 33/65 [00:04<00:04,  7.95it/s]
Evaluating:  52%|#####2    | 34/65 [00:04<00:03,  7.96it/s]
Evaluating:  54%|#####3    | 35/65 [00:04<00:03,  7.95it/s]
Evaluating:  55%|#####5    | 36/65 [00:04<00:03,  7.97it/s]
Evaluating:  57%|#####6    | 37/65 [00:05<00:03,  7.96it/s]
Evaluating:  58%|#####8    | 38/65 [00:05<00:03,  7.91it/s]
Evaluating:  60%|######    | 39/65 [00:05<00:03,  7.92it/s]
Evaluating:  62%|######1   | 40/65 [00:05<00:03,  7.93it/s]
Evaluating:  63%|######3   | 41/65 [00:05<00:03,  7.95it/s]
Evaluating:  65%|######4   | 42/65 [00:05<00:02,  7.98it/s]
Evaluating:  66%|######6   | 43/65 [00:05<00:02,  7.95it/s]
Evaluating:  68%|######7   | 44/65 [00:05<00:02,  7.96it/s]
Evaluating:  69%|######9   | 45/65 [00:06<00:02,  8.07it/s]
Evaluating:  71%|#######   | 46/65 [00:06<00:02,  8.01it/s]
Evaluating:  72%|#######2  | 47/65 [00:06<00:02,  7.95it/s]
Evaluating:  74%|#######3  | 48/65 [00:06<00:02,  7.97it/s]
Evaluating:  75%|#######5  | 49/65 [00:06<00:02,  7.96it/s]
Evaluating:  77%|#######6  | 50/65 [00:06<00:01,  7.99it/s]
Evaluating:  78%|#######8  | 51/65 [00:06<00:01,  7.97it/s]
Evaluating:  80%|########  | 52/65 [00:06<00:01,  7.94it/s]
Evaluating:  82%|########1 | 53/65 [00:07<00:01,  7.96it/s]
Evaluating:  83%|########3 | 54/65 [00:07<00:01,  7.99it/s]
Evaluating:  85%|########4 | 55/65 [00:07<00:01,  7.99it/s]
Evaluating:  86%|########6 | 56/65 [00:07<00:01,  8.00it/s]
Evaluating:  88%|########7 | 57/65 [00:07<00:01,  8.00it/s]
Evaluating:  89%|########9 | 58/65 [00:07<00:00,  7.98it/s]
Evaluating:  91%|######### | 59/65 [00:07<00:00,  7.98it/s]
Evaluating:  92%|#########2| 60/65 [00:08<00:00,  7.80it/s]
Evaluating:  94%|#########3| 61/65 [00:08<00:00,  7.82it/s]
Evaluating:  95%|#########5| 62/65 [00:08<00:00,  7.89it/s]
Evaluating:  97%|#########6| 63/65 [00:08<00:00,  7.87it/s]
Evaluating:  98%|#########8| 64/65 [00:08<00:00,  7.89it/s]
Evaluating: 100%|##########| 65/65 [00:08<00:00,  7.98it/s]
Evaluating: 100%|##########| 65/65 [00:08<00:00,  7.53it/s]
11/13/2023 16:10:30 - INFO - __main__ -   ***** Test Eval results *****
11/13/2023 16:10:30 - INFO - __main__ -     eval_accuracy = 0.7849566055930569
11/13/2023 16:10:30 - INFO - __main__ -     eval_loss = 1.6767449892448405
11/13/2023 16:10:30 - INFO - __main__ -     f_score = 0.7370852337651495
11/13/2023 16:10:30 - INFO - __main__ -     global_step = 0
11/13/2023 16:10:30 - INFO - __main__ -     loss = None
11/13/2023 16:10:30 - INFO - __main__ -     precision = 0.7531679121506051
11/13/2023 16:10:30 - INFO - __main__ -     recall = 0.7239031169702929
